---
source: crates/agnes-checker/tests/check.rs
expression: "format!(\"{err}\")"
---
Type error at (pipe ... (tool ocr) ...):
  step `ocr` requires one of: (Image | PDF)
  but upstream step `<upstream (provides PlainText)>` provides: PlainText

Fix suggestion (one of):
  A) Insert a converting tool between them
  B) Extend ocr to accept PlainText
